I'm sorry, but errors were detected in your script. Please correct the
errors listed below, and try again.


File "game/options.rpy", line 16: expected statement.
    mm_root = "images/menu.jpg"
            ^

File "game/options.rpy", line 17: expected statement.
    gm_root = "Images/uni.jpg"
            ^

Ren'Py Version: Ren'Py 6.99.12.3.2123
